fjura@DESKTOP-IB10381:~$ docker exec -it snmp_container2 bash
root@70a6b02ba39e:/# snmpwalk -v3 -l authPriv -u myuser -a SHA -A mypassword -x AES -X myencryptionpassword 192.168.100.2 1.3.6.1.2.1.1
iso.3.6.1.2.1.1.1.0 = STRING: "Linux f1cc52ade65f 5.15.153.1-microsoft-standard-WSL2 #1 SMP Fri Mar 29 23:14:13 UTC 2024 x86_64"
iso.3.6.1.2.1.1.2.0 = OID: iso.3.6.1.4.1.8072.3.2.10
iso.3.6.1.2.1.1.3.0 = Timeticks: (965) 0:00:09.65
iso.3.6.1.2.1.1.4.0 = STRING: "Me <me@example.org>"
iso.3.6.1.2.1.1.5.0 = STRING: "f1cc52ade65f"
iso.3.6.1.2.1.1.6.0 = STRING: "Sitting on the Dock of the Bay"
iso.3.6.1.2.1.1.7.0 = INTEGER: 72
iso.3.6.1.2.1.1.8.0 = Timeticks: (0) 0:00:00.00
iso.3.6.1.2.1.1.9.1.2.1 = OID: iso.3.6.1.6.3.10.3.1.1
iso.3.6.1.2.1.1.9.1.2.2 = OID: iso.3.6.1.6.3.11.3.1.1
iso.3.6.1.2.1.1.9.1.2.3 = OID: iso.3.6.1.6.3.15.2.1.1
iso.3.6.1.2.1.1.9.1.2.4 = OID: iso.3.6.1.6.3.1
iso.3.6.1.2.1.1.9.1.2.5 = OID: iso.3.6.1.6.3.16.2.2.1
iso.3.6.1.2.1.1.9.1.2.6 = OID: iso.3.6.1.2.1.49
iso.3.6.1.2.1.1.9.1.2.7 = OID: iso.3.6.1.2.1.50
iso.3.6.1.2.1.1.9.1.2.8 = OID: iso.3.6.1.2.1.4
iso.3.6.1.2.1.1.9.1.2.9 = OID: iso.3.6.1.6.3.13.3.1.3
iso.3.6.1.2.1.1.9.1.2.10 = OID: iso.3.6.1.2.1.92
iso.3.6.1.2.1.1.9.1.3.1 = STRING: "The SNMP Management Architecture MIB."
iso.3.6.1.2.1.1.9.1.3.2 = STRING: "The MIB for Message Processing and Dispatching."
iso.3.6.1.2.1.1.9.1.3.3 = STRING: "The management information definitions for the SNMP User-based Security Model."
iso.3.6.1.2.1.1.9.1.3.4 = STRING: "The MIB module for SNMPv2 entities"
iso.3.6.1.2.1.1.9.1.3.5 = STRING: "View-based Access Control Model for SNMP."
iso.3.6.1.2.1.1.9.1.3.6 = STRING: "The MIB module for managing TCP implementations"
iso.3.6.1.2.1.1.9.1.3.7 = STRING: "The MIB module for managing UDP implementations"
iso.3.6.1.2.1.1.9.1.3.8 = STRING: "The MIB module for managing IP and ICMP implementations"
iso.3.6.1.2.1.1.9.1.3.9 = STRING: "The MIB modules for managing SNMP Notification, plus filtering."
iso.3.6.1.2.1.1.9.1.3.10 = STRING: "The MIB module for logging SNMP Notifications."
iso.3.6.1.2.1.1.9.1.4.1 = Timeticks: (0) 0:00:00.00
iso.3.6.1.2.1.1.9.1.4.2 = Timeticks: (0) 0:00:00.00
iso.3.6.1.2.1.1.9.1.4.3 = Timeticks: (0) 0:00:00.00
iso.3.6.1.2.1.1.9.1.4.4 = Timeticks: (0) 0:00:00.00
iso.3.6.1.2.1.1.9.1.4.5 = Timeticks: (0) 0:00:00.00
iso.3.6.1.2.1.1.9.1.4.6 = Timeticks: (0) 0:00:00.00
iso.3.6.1.2.1.1.9.1.4.7 = Timeticks: (0) 0:00:00.00
iso.3.6.1.2.1.1.9.1.4.8 = Timeticks: (0) 0:00:00.00
iso.3.6.1.2.1.1.9.1.4.9 = Timeticks: (0) 0:00:00.00
iso.3.6.1.2.1.1.9.1.4.10 = Timeticks: (0) 0:00:00.00
iso.3.6.1.2.1.1.9.1.4.10 = No more variables left in this MIB View (It is past the end of the MIB tree)
root@70a6b02ba39e:/# snmpget -v3 -l authPriv -u myuser -a SHA -A mypassword -x AES -X myencryptionpassword 192.168.100.2 iso.3.6.1.2.1.1.1.0
iso.3.6.1.2.1.1.1.0 = STRING: "Linux f1cc52ade65f 5.15.153.1-microsoft-standard-WSL2 #1 SMP Fri Mar 29 23:14:13 UTC 2024 x86_64"
root@70a6b02ba39e:/# snmpset -v3 -l authPriv -u myuser -a SHA -A mypassword -x AES -X myencryptionpassword 192.168.100.2 iso.3.6.1.2.1.1.4.0 s "YourName <yourname@example.com>"
Error in packet.
Reason: notWritable (That object does not support modification)
Failed object: iso.3.6.1.2.1.1.4.0

root@70a6b02ba39e:/# snmpset -v3 -u myuser -l authPriv -a SHA -A mypassword -x AES -X myencryption 192.168.100.2 iso.3.6.1.2.1.1.6.0 s "My Lab Bench"
Timeout: No Response from 192.168.100.2
root@70a6b02ba39e:/# snmpset -v3 -u myuser -l authPriv -a SHA -A mypassword -x AES -X myencryptionpassword 192.168.100.2 iso.3.6.1.2.1.1.6.0 s "My Lab Bench"
Error in packet.
Reason: notWritable (That object does not support modification)
Failed object: iso.3.6.1.2.1.1.6.0

root@70a6b02ba39e:/# snmpset -v3 -u myuser -l authPriv -a SHA -A mypassword -x AES -X myencryptionpassword 192.168.100.2 iso.3.6.1.2.1.2.2.1.2.2 s "My New Interface Description"
Error in packet.
Reason: noAccess
Failed object: iso.3.6.1.2.1.2.2.1.2.2

root@70a6b02ba39e:/# snmpset -v3 -u myuser -l authPriv -a SHA -A mypassword -x AES -X myencryptionpassword 192.168.100.2 iso.3.6.1.2.1.2.2.1.2.2 s "My New Interface Description"
Error in packet.
Reason: noAccess
Failed object: iso.3.6.1.2.1.2.2.1.2.2

root@70a6b02ba39e:/# snmpset -v3 -u myuser -l authPriv -a SHA -A mypassword -x AES -X myencryptionpassword 192.168.100.2 iso.3.6.1.2.1.1.5.0 s "My New Hostname"
iso.3.6.1.2.1.1.5.0 = STRING: "My New Hostname"
root@70a6b02ba39e:/# snmpget -v3 -l authPriv -u myuser -a SHA -A mypassword -x AES -X myencryptionpassword 192.168.100.2 iso.3.6.1.2.1.1.5.0
iso.3.6.1.2.1.1.5.0 = STRING: "My New Hostname"
root@70a6b02ba39e:/# snmpset -v3 -u myuser -l authPriv -a SHA -A mypassword -x AES -X myencryptionpassword 192.168.100.2 iso.3.6.1.2.1.1.5.0 s "bob"
iso.3.6.1.2.1.1.5.0 = STRING: "bob"
root@70a6b02ba39e:/# snmpget -v3 -l authPriv -u myuser -a SHA -A mypassword -x AES -X myencryptionpassword 192.168.100.2 iso.3.6.1.2.1.1.5.0
iso.3.6.1.2.1.1.5.0 = STRING: "bob"
root@70a6b02ba39e:/#